
> taekyar@0.1.0 build
> next build

▲ Next.js 16.3.2 (Turbopack)
- Environments: .env
✓ Running next.config.ts took 50ms
- Experiments (use with caution):
  · optimizePackageImports

  Creating an optimized production build ...
✓ Compiled successfully in 5.2s
  Running TypeScript ...
  Finished TypeScript in 4.7s ...
  Collecting page data using 5 workers ...
  Generating static pages using 5 workers (0/9) ...
  Generating static pages using 5 workers (2/9) 
  Generating static pages using 5 workers (4/9) 
  Generating static pages using 5 workers (6/9) 
✓ Generating static pages using 5 workers (9/9) in 1085ms
  Finalizing page optimization ...

Route (app)
┌ ○ /
├ ○ /_not-found
├ ○ /about
├ ƒ /api/comment-flow-test
├ ƒ /blog
├ ƒ /blog/[slug]
├ ƒ /blog/category/[slug]
├ ƒ /blog/tag/[slug]
├ ○ /contact
├ ƒ /dashboard
├ ƒ /dashboard/categories
├ ƒ /dashboard/categories/[id]/edit
├ ƒ /dashboard/categories/new
├ ƒ /dashboard/comments
├ ƒ /dashboard/posts
├ ƒ /dashboard/posts/[slug]/edit
├ ƒ /dashboard/posts/new
├ ƒ /dashboard/tags
├ ƒ /dashboard/tags/[id]/edit
├ ƒ /dashboard/tags/new
└ ○ /login


ƒ Proxy (Middleware)

○  (Static)   prerendered as static content
ƒ  (Dynamic)  server-rendered on demand

